                                  LAB LAYOUTS
                Eighth Annual High School Programming Tournament
                                  May 13, 1994




                               CC2-106 thru CC2-109
                                    (1 - 17)

╣ фмммммммммммммммямммямммямммямммя╩
108               Ё   Ё 1 Ё   Ё 2 Ёх╣ фкммммммммямммямммкммямммямммямммм╣ фм╩
                  юдддадддадддаддды 107╨   BK   ЁPrtЁCab╨  Ё   Ё_11Ё    106 ╨
                                       гддддддддадддеддд╤  цдддеддд╢        ╨
                                       гдд©   109   Ё   ╨  Ё 9 Ё   Ё    зддд╤
                          здддбддд©    ╨M Ё   Fac   цддд╤  цдддеддд╢    Ё14 ╨
                          Ё 3 Ё   Ё    гдд╢   Lab   Ё_17╨  Ё   Ё   Ё    цддд╤
             здддбддд©    цдддеддд╢    ╨_16   здддбдаддд╤  цдддеддд╢    Ё   ╨
             Ё R Ё R Ё    Ё   Ё 6 Ё    гдды   ЁXXXЁXXXXX╨  Ё10 Ё_12Ё    цддд╤
   здддбддд© цдддеддд╢    цдддеддд╢    хм╣  фмомммоммммм╪  цдддеддд╢    ЁXXX╨
   Ё R Ё R Ё Ё R Ё R Ё    Ё   Ё   Ё                        Ё   Ё   Ё    цддд╤
   цдддеддд╢ цдддеддд╢    цдддеддд╢               зддд©    юдддаддды    Ё   ╨
   Ё R Ё R Ё Ё R Ё R Ё    Ё 4 Ё 7 Ё здддбдддд©    ЁPloЁ                 цддд╤
   цдддеддд╢ цдддеддд╢    цдддеддд╢ ЁPrtЁXXXXЁ    Ёterцдддбддд©         Ё15 ╨
   Ё R Ё R Ё Ё R Ё R Ё    Ё 5 Ё   Ё цдддедддды    ЁxxxЁXXXЁXXXЁ         юддд╤
   цдддеддд╢ цдддедддадд© цдддеддд╢ Ё X Ё      зддедддабддадддедддбдддбддд©F╨
FB Ё R Ё R Ё Ё R Ё  AC  Ё Ё   Ё 8 Ё Ё X Ё      ЁRKЁMUX Ё  AC  Ё 13Ё   ЁXXXЁB╨
мммомммомммомомммоммммммомомммомммомомммоммммммоммоммммоммммммомммомммомммом╪
B - Broken Machine  M - MacIntosh   R - Risc Model 220
_## means a 386/20 (all others are 386/40) -- can move a 386/40 in place for contest











































                            HPB-331
                            (18-31)

            имммяммммммммммммммммммммммммммммммм╩
            ╨   Ё   здддбдддбдддбдддбдддбдддбддд╤
            гддды   Ё   Ё20 Ё19 Ё   ЁXXXЁ   Ё18 ╨
            п       юдддадддадддадддадддадддаддд╤
            р       здддбдддбдддбдддбдддбдддбддд╤
            ╨       Ё   Ё 23ЁXXXЁ   Ё22 Ё   Ё21 ╨
            ╨       юдддадддадддадддадддадддаддд╤
            хмммкдддбддд©       здддбдддбдддбддд╤
                ╨26 Ё   Ё       Ё   Ё25 Ё   Ё24 ╨
                гдддаддды       юдддадддадддаддд╤
                гдддбддд©       здддбдддбдддбддд╤
                ╨29 Ё   Ё       Ё   Ё28 Ё   Ё27 ╨
                гдддаддды       юдддадддадддаддд╤
                гдддбддд©           здддбдддбддд╤
                ╨31 Ё   Ё           Ё   Ё30 ЁXXX╨
                гдддаддды           цдддедддаддд╤
                ╨                   Ё   Ё       ╨
                ╨                   юддды       ╨
                хммммммммммммммммммммммммммммммм╪












































                                 ENGR-124
                                 (32-41)

             имммямммммямммямммммммммммммямммямммямммямммямммямм╩
             ╨   Ё     Ё37 Ё             Ё 38Ё   Ё   Ё40 Ё   Ё  ╨
             гддд╢     цддд╢             цдддеддд╢   цдддеддд╢  ╨
             ╨   Ё     Ё   Ё             Ё   Ё 39Ё   Ё   Ё41 Ё  ╨
             гддд╢     юддды             юдддаддды   юдддаддды  ╨
             ╨   Ё                                              ╨
             гддд╢                                              ╨
             ╨   Ё          здддбдддбдддбдддбдддбдддбдддбдддбддд╤
             гддд╢          Ё   Ё R Ё R Ё R Ё R Ё R Ё R Ё R Ё R ╨
             ╨   Ё          Ё   фмммьмммьмммьмммьмммьмммьмммьммм╧
             гддд╢          Ё   Ё R Ё R Ё R Ё R Ё R Ё R Ё R Ё R ╨
             ╨   Ё          юдддадддадддадддадддадддадддадддаддд╤
             гддд╢                                              ╨
             ╨   Ё                                              ╨
             гддды      зддддддд©        здддбддд©   здддбддд©  ╨
             ╨          Ё     32Ё        Ё33 Ё   Ё   Ё   Ё36 Ё  ╨
             ╨          цддддддд╢        цдддеддд╢   цдддеддд╢  ╨
             ╨                  Ё        Ё   Ё 34Ё   Ё35 Ё   Ё  ╨
             хм╣   фммммммммммммоммммммммомммомммомммомммомммомм╪



